// Jest Snapshot v1, https://goo.gl/fbAQLP

exports[`renders header component 1`] = `
<div
  class="sc-bdvvtL cccfRp"
>
  <p
    class="sc-gsDKAQ yXxFJ"
  >
    Cashly
  </p>
</div>
`;
